<?xml version="1.0" encoding="UTF-8" standalone="yes"?>
<serviceDescription>
    <type>test:enabled_service</type>
    <name>enabled</name>
    <serviceHandlerClassName>handler</serviceHandlerClassName>
    <environment>test_environment</environment>
    <enabledSettings>
        <autoStartable>true</autoStartable>
        <comment>comment</comment>
        <dictionaryName>test_dictionary</dictionaryName>
        <expectedTimeOfStarting>555</expectedTimeOfStarting>
        <invertStoredMessageTypes>false</invertStoredMessageTypes>
        <performDump>false</performDump>
        <persistMessages>true</persistMessages>
        <storedMessageTypes>Message1, Message2</storedMessageTypes>
        <waitingTimeBeforeStarting>777</waitingTimeBeforeStarting>
        <boolSetting>true</boolSetting>
        <integerSetting>101</integerSetting>
        <stringSetting>some string</stringSetting>
    </enabledSettings>
    <variables/>
</serviceDescription>
